
=== 日志会话开始: 2026-05-28 16:32:33 ===
[2026-05-28 16:32:33.724][INFO][主程序] 应用程序已启动
[2026-05-28 16:32:33.724][INFO][数据库] 尝试连接数据库: D:/airtighttool/airtight.db
[2026-05-28 16:32:33.740][INFO][数据库] 数据库连接成功: D:/airtighttool/airtight.db
[2026-05-28 16:32:33.740][INFO][数据库] 数据库连接成功
[2026-05-28 16:32:33.740][INFO][数据库] 数据库初始化成功
[2026-05-28 16:32:33.740][DEBUG][FRP服务] 程序目录: D:/airtighttool
[2026-05-28 16:32:33.740][DEBUG][FRP服务] FRP目录: D:/airtighttool/frp
[2026-05-28 16:32:33.740][WARNING][FRP服务] frpc.exe不存在: D:/airtighttool/frp/frpc.exe
[2026-05-28 16:32:34.490][INFO][机器锁定] 机器授权验证通过
[2026-05-28 16:32:34.490][INFO][机器锁定] 程序ID: MULTI_PRODUCT_AIR_TIGHTNESS_V1
机器指纹: 87d64bb8084054649e47199b5979a545...
授权类型: 永久授权

[2026-05-28 16:32:34.506][INFO][主窗口] 数据库连接成功
[2026-05-28 16:32:34.506][INFO][主窗口] 数据库初始化成功
[2026-05-28 16:32:34.615][INFO][气密参数] === AirtightParamSetting 构造函数开始执行 ===
[2026-05-28 16:32:34.631][INFO][气密参数] 开始初始化分页UI
[2026-05-28 16:32:34.631][INFO][气密参数] 创建第一页
[2026-05-28 16:32:34.631][INFO][气密参数] 第一页创建完成
[2026-05-28 16:32:34.631][INFO][气密参数] 创建第二页
[2026-05-28 16:32:34.646][INFO][气密参数] 第二页创建完成
[2026-05-28 16:32:34.646][INFO][气密参数] 创建第三页
[2026-05-28 16:32:34.646][INFO][气密参数] 第三页创建完成
[2026-05-28 16:32:34.677][INFO][气密参数] 创建导航栏
[2026-05-28 16:32:34.677][INFO][气密参数] 导航栏创建完成
[2026-05-28 16:32:34.677][DEBUG][气密参数] 导航按钮状态更新: 首页=禁用, 上一页=禁用, 下一页=启用, 末页=启用
[2026-05-28 16:32:34.677][DEBUG][气密参数] 页码指示器更新: 第 1 页 / 共 3 页
[2026-05-28 16:32:34.677][INFO][气密参数] 切换到第 1 页
[2026-05-28 16:32:34.677][INFO][气密参数] 分页UI初始化完成
[2026-05-28 16:32:34.677][INFO][气密参数] === 实时检测定时器已启动，间隔100ms，isActive=1 ===
[2026-05-28 16:32:34.677][INFO][气密参数] 复位防抖定时器初始化完成，防抖时间3秒
[2026-05-28 16:32:34.677][INFO][气密参数] 加载程序号 1 的参数
[2026-05-28 16:32:34.677][INFO][气密参数] 开始加载程序号 1 的参数
[2026-05-28 16:32:34.677][INFO][气密参数] 成功从数据库加载程序号 1 的参数
[2026-05-28 16:32:34.677][DEBUG][气密参数] 容积值设置成功: 30
[2026-05-28 16:32:34.677][INFO][气密参数] 程序号 1 的参数加载完成
[2026-05-28 16:32:34.677][INFO][气密参数] === AirtightParamSetting 构造函数执行完成 ===
[2026-05-28 16:32:34.709][INFO][气密参数] 主控设置页面指针已设置
[2026-05-28 16:32:34.709][INFO][气密参数] 实时监控页面指针已设置
[2026-05-28 16:32:34.709][INFO][实时监控] 主控设置页面指针已设置
[2026-05-28 16:32:34.740][INFO][系统设置] 开机自启动设置: 启用
[2026-05-28 16:32:34.771][INFO][测试结果] 开始查询测试结果，条件：产品ID=, 操作员=, 测试结果=, 时间范围=2026-05-28 00:00:00 至 2026-05-28 23:59:59
[2026-05-28 16:32:34.771][DEBUG][测试结果] 查询条件：产品ID=, 操作员=, 测试结果=, 开始时间=2026-05-28 00:00:00, 结束时间=2026-05-28 23:59:59
[2026-05-28 16:32:34.771][INFO][测试结果] 数据库中测试结果表总记录数：31
[2026-05-28 16:32:34.771][DEBUG][测试结果] 最近测试结果记录 0: 产品ID=, 结果=通过, 时间=2026-05-28 16:20:05
[2026-05-28 16:32:34.771][DEBUG][测试结果] 最近测试结果记录 1: 产品ID=, 结果=通过, 时间=2026-05-28 16:03:50
[2026-05-28 16:32:34.771][DEBUG][测试结果] 最近测试结果记录 2: 产品ID=, 结果=通过, 时间=2026-05-28 15:38:18
[2026-05-28 16:32:34.771][DEBUG][测试结果] 最近测试结果记录 3: 产品ID=, 结果=通过, 时间=2026-05-28 15:37:16
[2026-05-28 16:32:34.771][DEBUG][测试结果] 最近测试结果记录 4: 产品ID=, 结果=不通过, 时间=2026-05-28 15:36:17
[2026-05-28 16:32:34.771][INFO][测试结果] 已连接到 RealtimeMonitor 的 testResultSaved 信号
[2026-05-28 16:32:35.037][DEBUG][主控设置] 设置主控板Modbus客户端，初始连接状态: 已连接
[2026-05-28 16:32:35.037][INFO][气密参数] 主控板客户端设置时已处于连接状态，直接同步
[2026-05-28 16:32:35.037][INFO][气密参数] 调压装置客户端设置时已处于连接状态，直接同步
[2026-05-28 16:32:35.037][INFO][主窗口] Modbus客户端初始化完成
[2026-05-28 16:32:35.037][INFO][主窗口] 主窗口构造函数执行完成
[2026-05-28 16:32:35.084][DEBUG][实时监控] 更新测试结果汇总：总数=28, 合格=25, 不合格=3, 合格率=89.3%
[2026-05-28 16:32:35.087][INFO][主窗口] 所有设备连接成功
[2026-05-28 16:32:35.087][DEBUG][主控设置] 气密仪连接状态变化: 已连接
[2026-05-28 16:32:35.087][INFO][气密参数] Modbus客户端状态变化：2
[2026-05-28 16:32:35.098][INFO][气密参数] 寄存器0006值变化: 65535 -> 0
[2026-05-28 16:32:35.112][INFO][气密参数] 寄存器0007值变化: 65535 -> 0
[2026-05-28 16:32:35.112][INFO][主程序] 已设置开机自启动
[2026-05-28 16:32:35.112][INFO][主程序] 主窗口已全屏显示
[2026-05-28 16:32:36.721][DEBUG][实时监控] 开始读取气密仪实时数据...
[2026-05-28 16:32:36.721][DEBUG][实时监控] 正在读取数据中，跳过本次测试结果读取
[2026-05-28 16:32:37.031][INFO][TCP通信] 已发送测试数据到 0 个客户端
[2026-05-28 16:32:37.031][INFO][主窗口] 延迟状态初始化完成 - 气密仪:已连接, 主控板:已连接, 调压装置:已连接
[2026-05-28 16:32:38.255][INFO][登录] 用户 admin 登录成功，角色: 管理员
[2026-05-28 16:32:38.271][INFO][实时监控] 更新操作员信息：admin (管理员)
[2026-05-28 16:32:38.271][INFO][测试结果] 设置用户角色：管理员
[2026-05-28 16:32:38.714][DEBUG][实时监控] 开始读取气密仪实时数据...
[2026-05-28 16:32:38.714][DEBUG][实时监控] 正在读取数据中，跳过本次测试结果读取
[2026-05-28 16:32:38.896][INFO][主窗口] 已退出全屏模式
[2026-05-28 16:32:40.715][DEBUG][实时监控] 开始读取气密仪实时数据...
[2026-05-28 16:32:40.715][DEBUG][实时监控] 正在读取数据中，跳过本次测试结果读取
[2026-05-28 16:32:41.931][DEBUG][主控设置] 设置主控板Modbus客户端，初始连接状态: 已连接
[2026-05-28 16:32:42.718][DEBUG][实时监控] 开始读取气密仪实时数据...
[2026-05-28 16:32:42.718][DEBUG][实时监控] 正在读取数据中，跳过本次测试结果读取
[2026-05-28 16:32:42.784][INFO][实时监控] 更新操作员信息：admin (管理员)
[2026-05-28 16:32:44.304][INFO][气密参数] 寄存器0006值变化: 0 -> 1
[2026-05-28 16:32:44.304][INFO][气密参数] 检测到寄存器0006为1，准备启动气密仪
[2026-05-28 16:32:44.304][INFO][气密参数] 启动前清零主控板寄存器0004、0005、0006
[2026-05-28 16:32:44.304][DEBUG][气密参数] 发送主控板命令: 地址=4, 值=0, 从站ID=1
[2026-05-28 16:32:44.327][DEBUG][气密参数] 主控板命令发送成功: 地址=4, 值=0
[2026-05-28 16:32:44.327][DEBUG][气密参数] 发送主控板命令: 地址=5, 值=0, 从站ID=1
[2026-05-28 16:32:44.340][DEBUG][气密参数] 主控板命令发送成功: 地址=5, 值=0
[2026-05-28 16:32:44.340][DEBUG][气密参数] 发送主控板命令: 地址=6, 值=0, 从站ID=1
[2026-05-28 16:32:44.353][DEBUG][气密参数] 主控板命令发送成功: 地址=6, 值=0
[2026-05-28 16:32:44.353][DEBUG][主控设置] 【通道配置】检查通道状态: channel1=开启, channel2=开启, channel3=开启
[2026-05-28 16:32:44.353][DEBUG][主控设置] 【通道配置】通道1已开启，添加到列表
[2026-05-28 16:32:44.353][DEBUG][主控设置] 【通道配置】通道2已开启，添加到列表
[2026-05-28 16:32:44.353][DEBUG][主控设置] 【通道配置】通道3已开启，添加到列表
[2026-05-28 16:32:44.353][DEBUG][主控设置] 【通道配置】获取开启通道列表: 1, 2, 3
[2026-05-28 16:32:44.353][INFO][气密参数] 【启动流程】检测到开启的通道: 1, 2, 3
[2026-05-28 16:32:44.353][DEBUG][气密参数] 【启动流程】通道列表长度: 3, 第一个通道: 1
[2026-05-28 16:32:44.353][INFO][气密参数] 【启动流程】初始化多通道测试，起始索引=0，将从通道1开始测试
[2026-05-28 16:32:44.353][DEBUG][气密参数] 【启动流程】准备调用startNextChannelTest()
[2026-05-28 16:32:44.353][DEBUG][气密参数] 【通道测试】进入startNextChannelTest(), m_isMultiChannelTesting=true, m_currentChannelIndex=0, m_enabledChannels.size=3
[2026-05-28 16:32:44.353][DEBUG][气密参数] 【通道测试】停止实时监控定时器，避免Modbus通信冲突
[2026-05-28 16:32:44.353][DEBUG][实时监控] 数据读取定时器已停止
[2026-05-28 16:32:44.353][DEBUG][实时监控] 测试结果读取定时器已停止
[2026-05-28 16:32:44.353][DEBUG][气密参数] 【通道测试】等待200ms确保Modbus链路释放
[2026-05-28 16:32:44.563][DEBUG][实时监控] 测试阶段状态已重置
[2026-05-28 16:32:44.563][INFO][气密参数] 【通道切换】等待气密仪进入待机状态
[2026-05-28 16:32:44.565][DEBUG][气密参数] 【通道切换】设备已进入待机状态（寄存器8707=0）
[2026-05-28 16:32:44.565][INFO][气密参数] 【通道切换】气密仪已进入待机状态，可以开始下一通道测试
[2026-05-28 16:32:44.565][INFO][气密参数] 【通道测试】开始测试通道1 (索引: 1/3)
[2026-05-28 16:32:44.565][DEBUG][气密参数] 【通道测试】通道列表: 1, 2, 3
[2026-05-28 16:32:44.565][DEBUG][气密参数] 【通道测试】设置RealTimeMonitor当前测试通道为1
[2026-05-28 16:32:44.565][INFO][实时监控] 当前测试通道已设置为: 1
[2026-05-28 16:32:44.566][DEBUG][气密参数] 通道1对应的程序号: 1
[2026-05-28 16:32:44.566][INFO][气密参数] 【通道测试】通道1 -> 程序号1
[2026-05-28 16:32:44.568][DEBUG][气密参数] 【通道测试】通道1 - 开始从数据库加载程序号1的参数
[2026-05-28 16:32:44.568][DEBUG][气密参数] 【通道测试】通道1 - 数据库连接成功
[2026-05-28 16:32:44.569][DEBUG][气密参数] 【通道测试】通道1 - 查询到1条参数记录
[2026-05-28 16:32:44.569][INFO][气密参数] 【通道测试】通道1 - 开始发送程序号1的参数到气密仪
[2026-05-28 16:32:44.570][DEBUG][气密参数] 【通道1】参数校验通过
[2026-05-28 16:32:45.070][DEBUG][气密参数] 尝试发送批量参数，第1次，从地址8192到8229
[2026-05-28 16:32:45.395][INFO][气密参数] 批量参数发送成功 - 从地址 8192 到 8229
[2026-05-28 16:32:45.419][INFO][气密参数] 所有参数已成功发送到设备
[2026-05-28 16:32:45.419][DEBUG][气密参数] 【通道测试】通道1 - 参数发送成功
[2026-05-28 16:32:45.419][DEBUG][气密参数] 【通道测试】等待300ms确保参数处理完成
[2026-05-28 16:32:45.729][INFO][气密参数] 【通道测试】通道1 - 参数发送成功，启动气密仪
[2026-05-28 16:32:45.729][DEBUG][气密参数] 发送启动命令到气密仪，寄存器地址9472，值4608，slaveId=1
[2026-05-28 16:32:45.729][INFO][气密参数] 成功发送启动命令到气密仪
[2026-05-28 16:32:45.729][DEBUG][气密参数] 【通道测试】通道1 - startAirtightTest()返回: 成功
[2026-05-28 16:32:45.730][DEBUG][气密参数] 【通道测试】通道1 - 发送channelTestCompleted信号
[2026-05-28 16:32:45.853][INFO][气密参数] 寄存器0006值变化: 1 -> 0
[2026-05-28 16:32:46.729][DEBUG][气密参数] 【通道测试】重新启动实时监控定时器
[2026-05-28 16:32:46.729][DEBUG][实时监控] 数据读取定时器已启动
[2026-05-28 16:32:46.729][DEBUG][实时监控] 测试结果读取定时器已启动
[2026-05-28 16:32:48.729][DEBUG][实时监控] 开始读取气密仪实时数据...
[2026-05-28 16:32:48.729][DEBUG][实时监控] 正在读取数据中，跳过本次测试结果读取
[2026-05-28 16:32:48.729][INFO][实时监控] 测试阶段变化: 0 -> 256
[2026-05-28 16:32:50.748][DEBUG][实时监控] 开始读取气密仪实时数据...
[2026-05-28 16:32:50.748][DEBUG][实时监控] 正在读取数据中，跳过本次测试结果读取
[2026-05-28 16:32:52.743][DEBUG][实时监控] 开始读取气密仪实时数据...
[2026-05-28 16:32:52.743][DEBUG][实时监控] 正在读取数据中，跳过本次测试结果读取
[2026-05-28 16:32:54.751][DEBUG][实时监控] 开始读取气密仪实时数据...
[2026-05-28 16:32:54.751][DEBUG][实时监控] 正在读取数据中，跳过本次测试结果读取
[2026-05-28 16:32:56.777][DEBUG][实时监控] 开始读取气密仪实时数据...
[2026-05-28 16:32:56.777][DEBUG][实时监控] 正在读取数据中，跳过本次测试结果读取
[2026-05-28 16:32:58.778][DEBUG][实时监控] 开始读取气密仪实时数据...
[2026-05-28 16:32:58.778][DEBUG][实时监控] 正在读取数据中，跳过本次测试结果读取
[2026-05-28 16:33:00.790][DEBUG][实时监控] 开始读取气密仪实时数据...
[2026-05-28 16:33:00.790][DEBUG][实时监控] 正在读取数据中，跳过本次测试结果读取
[2026-05-28 16:33:00.790][INFO][实时监控] 测试阶段变化: 256 -> 512
[2026-05-28 16:33:02.802][DEBUG][实时监控] 开始读取气密仪实时数据...
[2026-05-28 16:33:02.802][DEBUG][实时监控] 正在读取数据中，跳过本次测试结果读取
[2026-05-28 16:33:04.800][DEBUG][实时监控] 开始读取气密仪实时数据...
[2026-05-28 16:33:04.800][DEBUG][实时监控] 正在读取数据中，跳过本次测试结果读取
[2026-05-28 16:33:06.791][DEBUG][实时监控] 开始读取气密仪实时数据...
[2026-05-28 16:33:06.791][DEBUG][实时监控] 正在读取数据中，跳过本次测试结果读取
[2026-05-28 16:33:08.814][DEBUG][实时监控] 开始读取气密仪实时数据...
[2026-05-28 16:33:08.814][DEBUG][实时监控] 正在读取数据中，跳过本次测试结果读取
[2026-05-28 16:33:10.807][DEBUG][实时监控] 开始读取气密仪实时数据...
[2026-05-28 16:33:10.807][DEBUG][实时监控] 正在读取数据中，跳过本次测试结果读取
[2026-05-28 16:33:12.808][DEBUG][实时监控] 开始读取气密仪实时数据...
[2026-05-28 16:33:12.808][DEBUG][实时监控] 正在读取数据中，跳过本次测试结果读取
[2026-05-28 16:33:14.844][DEBUG][实时监控] 开始读取气密仪实时数据...
[2026-05-28 16:33:14.844][DEBUG][实时监控] 正在读取数据中，跳过本次测试结果读取
[2026-05-28 16:33:16.842][DEBUG][实时监控] 开始读取气密仪实时数据...
[2026-05-28 16:33:16.842][DEBUG][实时监控] 正在读取数据中，跳过本次测试结果读取
[2026-05-28 16:33:16.844][INFO][实时监控] 测试阶段变化: 512 -> 768
[2026-05-28 16:33:18.844][DEBUG][实时监控] 开始读取气密仪实时数据...
[2026-05-28 16:33:18.844][DEBUG][实时监控] 正在读取数据中，跳过本次测试结果读取
[2026-05-28 16:33:20.842][DEBUG][实时监控] 开始读取气密仪实时数据...
[2026-05-28 16:33:22.843][DEBUG][实时监控] 开始读取气密仪实时数据...
[2026-05-28 16:33:24.836][DEBUG][实时监控] 开始读取气密仪实时数据...
[2026-05-28 16:33:26.838][DEBUG][实时监控] 开始读取气密仪实时数据...
[2026-05-28 16:33:28.865][DEBUG][实时监控] 开始读取气密仪实时数据...
[2026-05-28 16:33:30.855][DEBUG][实时监控] 开始读取气密仪实时数据...
[2026-05-28 16:33:30.857][INFO][实时监控] 测试阶段变化: 768 -> 1024
[2026-05-28 16:33:30.873][INFO][实时监控] 寄存器9088从0变为256，测试完成，开始处理测试结果
[2026-05-28 16:33:30.873][INFO][实时监控] 处理测试结果数据，寄存器9090值=0
[2026-05-28 16:33:30.874][INFO][实时监控] 测试结果压力值=50.598 kPa
[2026-05-28 16:33:30.874][INFO][实时监控] 准备发送测试结果信号，channel=1, success=true
[2026-05-28 16:33:30.874][INFO][气密参数] 通道1测试完成，结果: 通过
[2026-05-28 16:33:30.874][INFO][实时监控] 测试结果信号已发送
[2026-05-28 16:33:30.882][INFO][实时监控] 测试结果已成功保存到数据库
[2026-05-28 16:33:30.884][INFO][测试结果] 自动刷新：检测到新测试结果，已更新表格
[2026-05-28 16:33:30.885][INFO][实时监控] 更新测试1结果: 压力=50.60 kPa, 泄漏=0.02 ml/min, 结果=通过
[2026-05-28 16:33:30.885][DEBUG][主控设置] 【通道配置】检查通道状态: channel1=开启, channel2=开启, channel3=开启
[2026-05-28 16:33:30.885][DEBUG][主控设置] 【通道配置】通道1已开启，添加到列表
[2026-05-28 16:33:30.885][DEBUG][主控设置] 【通道配置】通道2已开启，添加到列表
[2026-05-28 16:33:30.885][DEBUG][主控设置] 【通道配置】通道3已开启，添加到列表
[2026-05-28 16:33:30.885][DEBUG][主控设置] 【通道配置】获取开启通道列表: 1, 2, 3
[2026-05-28 16:33:30.886][INFO][实时监控] 总测试结果计算完成: 开启通道: 1 2 3, 全部通过=是, 全部已测试=否, 总结果=测试中
[2026-05-28 16:33:30.887][DEBUG][实时监控] 更新测试结果汇总：总数=29, 合格=26, 不合格=3, 合格率=89.7%
[2026-05-28 16:33:31.874][DEBUG][气密参数] 【通道测试】进入startNextChannelTest(), m_isMultiChannelTesting=true, m_currentChannelIndex=1, m_enabledChannels.size=3
[2026-05-28 16:33:31.874][DEBUG][气密参数] 【通道测试】停止实时监控定时器，避免Modbus通信冲突
[2026-05-28 16:33:31.874][DEBUG][实时监控] 数据读取定时器已停止
[2026-05-28 16:33:31.874][DEBUG][实时监控] 测试结果读取定时器已停止
[2026-05-28 16:33:31.874][DEBUG][气密参数] 【通道测试】等待200ms确保Modbus链路释放
[2026-05-28 16:33:32.075][DEBUG][实时监控] 测试阶段状态已重置
[2026-05-28 16:33:32.075][INFO][气密参数] 【通道切换】等待气密仪进入待机状态
[2026-05-28 16:33:32.639][DEBUG][气密参数] 【通道切换】设备已进入待机状态（寄存器8707=0）
[2026-05-28 16:33:32.639][INFO][气密参数] 【通道切换】气密仪已进入待机状态，可以开始下一通道测试
[2026-05-28 16:33:32.640][INFO][气密参数] 【通道测试】开始测试通道2 (索引: 2/3)
[2026-05-28 16:33:32.640][DEBUG][气密参数] 【通道测试】通道列表: 1, 2, 3
[2026-05-28 16:33:32.640][DEBUG][气密参数] 【通道测试】设置RealTimeMonitor当前测试通道为2
[2026-05-28 16:33:32.640][INFO][实时监控] 当前测试通道已设置为: 2
[2026-05-28 16:33:32.640][DEBUG][气密参数] 通道2对应的程序号: 2
[2026-05-28 16:33:32.640][INFO][气密参数] 【通道测试】通道2 -> 程序号2
[2026-05-28 16:33:32.642][DEBUG][气密参数] 【通道测试】通道2 - 开始从数据库加载程序号2的参数
[2026-05-28 16:33:32.642][DEBUG][气密参数] 【通道测试】通道2 - 数据库连接成功
[2026-05-28 16:33:32.643][DEBUG][气密参数] 【通道测试】通道2 - 查询到1条参数记录
[2026-05-28 16:33:32.644][INFO][气密参数] 【通道测试】通道2 - 开始发送程序号2的参数到气密仪
[2026-05-28 16:33:32.644][DEBUG][气密参数] 【通道2】参数校验通过
[2026-05-28 16:33:33.144][DEBUG][气密参数] 尝试发送批量参数，第1次，从地址8192到8229
[2026-05-28 16:33:33.459][INFO][气密参数] 批量参数发送成功 - 从地址 8192 到 8229
[2026-05-28 16:33:33.493][INFO][气密参数] 所有参数已成功发送到设备
[2026-05-28 16:33:33.493][DEBUG][气密参数] 【通道测试】通道2 - 参数发送成功
[2026-05-28 16:33:33.493][DEBUG][气密参数] 【通道测试】等待300ms确保参数处理完成
[2026-05-28 16:33:33.794][INFO][气密参数] 【通道测试】通道2 - 参数发送成功，启动气密仪
[2026-05-28 16:33:33.794][DEBUG][气密参数] 发送启动命令到气密仪，寄存器地址9472，值4608，slaveId=1
[2026-05-28 16:33:33.794][INFO][气密参数] 成功发送启动命令到气密仪
[2026-05-28 16:33:33.794][DEBUG][气密参数] 【通道测试】通道2 - startAirtightTest()返回: 成功
[2026-05-28 16:33:33.795][DEBUG][气密参数] 【通道测试】通道2 - 发送channelTestCompleted信号
[2026-05-28 16:33:34.794][DEBUG][气密参数] 【通道测试】重新启动实时监控定时器
[2026-05-28 16:33:34.794][DEBUG][实时监控] 数据读取定时器已启动
[2026-05-28 16:33:34.794][DEBUG][实时监控] 测试结果读取定时器已启动
[2026-05-28 16:33:36.792][DEBUG][实时监控] 开始读取气密仪实时数据...
[2026-05-28 16:33:36.792][DEBUG][实时监控] 正在读取数据中，跳过本次测试结果读取
[2026-05-28 16:33:38.825][DEBUG][实时监控] 开始读取气密仪实时数据...
[2026-05-28 16:33:38.825][DEBUG][实时监控] 正在读取数据中，跳过本次测试结果读取
[2026-05-28 16:33:38.827][INFO][实时监控] 测试阶段变化: 1024 -> 0
[2026-05-28 16:33:40.821][DEBUG][实时监控] 开始读取气密仪实时数据...
[2026-05-28 16:33:40.821][DEBUG][实时监控] 正在读取数据中，跳过本次测试结果读取
[2026-05-28 16:33:42.827][DEBUG][实时监控] 开始读取气密仪实时数据...
[2026-05-28 16:33:42.827][DEBUG][实时监控] 正在读取数据中，跳过本次测试结果读取
[2026-05-28 16:33:44.846][DEBUG][实时监控] 开始读取气密仪实时数据...
[2026-05-28 16:33:44.846][DEBUG][实时监控] 正在读取数据中，跳过本次测试结果读取
[2026-05-28 16:33:46.838][DEBUG][实时监控] 开始读取气密仪实时数据...
[2026-05-28 16:33:48.836][DEBUG][实时监控] 开始读取气密仪实时数据...
[2026-05-28 16:33:50.859][DEBUG][实时监控] 开始读取气密仪实时数据...
[2026-05-28 16:33:52.862][DEBUG][实时监控] 开始读取气密仪实时数据...
[2026-05-28 16:33:54.852][DEBUG][实时监控] 开始读取气密仪实时数据...
[2026-05-28 16:33:56.894][DEBUG][实时监控] 开始读取气密仪实时数据...
[2026-05-28 16:33:58.883][DEBUG][实时监控] 开始读取气密仪实时数据...
[2026-05-28 16:34:00.891][DEBUG][实时监控] 开始读取气密仪实时数据...
[2026-05-28 16:34:02.899][DEBUG][实时监控] 开始读取气密仪实时数据...
[2026-05-28 16:34:04.625][INFO][气密参数] === AirtightParamSetting 析构函数被调用 ===
[2026-05-28 16:34:04.906][INFO][主程序] 应用程序退出，退出码: 0
