
=== 日志会话开始: 2026-05-28 10:57:30 ===
[2026-05-28 10:57:30.784][INFO][主程序] 应用程序已启动
[2026-05-28 10:57:30.784][INFO][数据库] 尝试连接数据库: D:/airtighttool/airtight.db
[2026-05-28 10:57:30.800][INFO][数据库] 数据库连接成功: D:/airtighttool/airtight.db
[2026-05-28 10:57:30.800][INFO][数据库] 数据库连接成功
[2026-05-28 10:57:30.800][INFO][数据库] 数据库初始化成功
[2026-05-28 10:57:30.800][DEBUG][FRP服务] 程序目录: D:/airtighttool
[2026-05-28 10:57:30.800][DEBUG][FRP服务] FRP目录: D:/airtighttool/frp
[2026-05-28 10:57:30.800][WARNING][FRP服务] frpc.exe不存在: D:/airtighttool/frp/frpc.exe
[2026-05-28 10:57:31.566][INFO][机器锁定] 机器授权验证通过
[2026-05-28 10:57:31.566][INFO][机器锁定] 程序ID: MULTI_PRODUCT_AIR_TIGHTNESS_V1
机器指纹: 87d64bb8084054649e47199b5979a545...
授权类型: 永久授权

[2026-05-28 10:57:31.581][INFO][主窗口] 数据库连接成功
[2026-05-28 10:57:31.581][INFO][主窗口] 数据库初始化成功
[2026-05-28 10:57:31.691][INFO][气密参数] === AirtightParamSetting 构造函数开始执行 ===
[2026-05-28 10:57:31.722][INFO][气密参数] 开始初始化分页UI
[2026-05-28 10:57:31.722][INFO][气密参数] 创建第一页
[2026-05-28 10:57:31.722][INFO][气密参数] 第一页创建完成
[2026-05-28 10:57:31.722][INFO][气密参数] 创建第二页
[2026-05-28 10:57:31.722][INFO][气密参数] 第二页创建完成
[2026-05-28 10:57:31.722][INFO][气密参数] 创建第三页
[2026-05-28 10:57:31.722][INFO][气密参数] 第三页创建完成
[2026-05-28 10:57:31.753][INFO][气密参数] 创建导航栏
[2026-05-28 10:57:31.753][INFO][气密参数] 导航栏创建完成
[2026-05-28 10:57:31.753][DEBUG][气密参数] 导航按钮状态更新: 首页=禁用, 上一页=禁用, 下一页=启用, 末页=启用
[2026-05-28 10:57:31.753][DEBUG][气密参数] 页码指示器更新: 第 1 页 / 共 3 页
[2026-05-28 10:57:31.753][INFO][气密参数] 切换到第 1 页
[2026-05-28 10:57:31.753][INFO][气密参数] 分页UI初始化完成
[2026-05-28 10:57:31.753][INFO][气密参数] === 实时检测定时器已启动，间隔100ms，isActive=1 ===
[2026-05-28 10:57:31.753][INFO][气密参数] 复位防抖定时器初始化完成，防抖时间3秒
[2026-05-28 10:57:31.753][INFO][气密参数] 加载程序号 1 的参数
[2026-05-28 10:57:31.753][INFO][气密参数] 开始加载程序号 1 的参数
[2026-05-28 10:57:31.753][INFO][气密参数] 成功从数据库加载程序号 1 的参数
[2026-05-28 10:57:31.753][DEBUG][气密参数] 容积值设置成功: 30
[2026-05-28 10:57:31.753][INFO][气密参数] 程序号 1 的参数加载完成
[2026-05-28 10:57:31.753][INFO][气密参数] === AirtightParamSetting 构造函数执行完成 ===
[2026-05-28 10:57:31.784][INFO][气密参数] 主控设置页面指针已设置
[2026-05-28 10:57:31.784][INFO][气密参数] 实时监控页面指针已设置
[2026-05-28 10:57:31.816][INFO][系统设置] 开机自启动设置: 启用
[2026-05-28 10:57:31.847][INFO][测试结果] 开始查询测试结果，条件：产品ID=, 操作员=, 测试结果=, 时间范围=2026-05-28 00:00:00 至 2026-05-28 23:59:59
[2026-05-28 10:57:31.847][DEBUG][测试结果] 查询条件：产品ID=, 操作员=, 测试结果=, 开始时间=2026-05-28 00:00:00, 结束时间=2026-05-28 23:59:59
[2026-05-28 10:57:31.847][INFO][测试结果] 数据库中测试结果表总记录数：4
[2026-05-28 10:57:31.847][DEBUG][测试结果] 最近测试结果记录 0: 产品ID=, 结果=通过, 时间=2026-05-28 09:48:01
[2026-05-28 10:57:31.847][DEBUG][测试结果] 最近测试结果记录 1: 产品ID=, 结果=通过, 时间=2026-05-27 18:08:35
[2026-05-28 10:57:31.847][DEBUG][测试结果] 最近测试结果记录 2: 产品ID=, 结果=通过, 时间=2026-05-27 17:57:55
[2026-05-28 10:57:31.847][DEBUG][测试结果] 最近测试结果记录 3: 产品ID=, 结果=通过, 时间=2026-05-27 17:46:37
[2026-05-28 10:57:31.847][INFO][测试结果] 已连接到 RealtimeMonitor 的 testResultSaved 信号
[2026-05-28 10:57:32.112][DEBUG][主控设置] 设置主控板Modbus客户端，初始连接状态: 已连接
[2026-05-28 10:57:32.112][INFO][气密参数] 主控板客户端设置时已处于连接状态，直接同步
[2026-05-28 10:57:32.112][INFO][气密参数] 调压装置客户端设置时已处于连接状态，直接同步
[2026-05-28 10:57:32.112][INFO][主窗口] Modbus客户端初始化完成
[2026-05-28 10:57:32.112][INFO][主窗口] 主窗口构造函数执行完成
[2026-05-28 10:57:32.154][DEBUG][实时监控] 更新测试结果汇总：总数=1, 合格=1, 不合格=0, 合格率=100.0%
[2026-05-28 10:57:32.158][INFO][主窗口] 所有设备连接成功
[2026-05-28 10:57:32.158][DEBUG][主控设置] 气密仪连接状态变化: 已连接
[2026-05-28 10:57:32.158][INFO][气密参数] Modbus客户端状态变化：2
[2026-05-28 10:57:32.169][INFO][气密参数] 寄存器0006值变化: 65535 -> 0
[2026-05-28 10:57:32.183][INFO][气密参数] 寄存器0007值变化: 65535 -> 0
[2026-05-28 10:57:32.184][INFO][主程序] 已设置开机自启动
[2026-05-28 10:57:32.184][INFO][主程序] 主窗口已全屏显示
[2026-05-28 10:57:32.802][DEBUG][实时监控] 开始读取气密仪实时数据...
[2026-05-28 10:57:33.791][DEBUG][实时监控] 开始读取气密仪实时数据...
[2026-05-28 10:57:34.115][INFO][TCP通信] 已发送测试数据到 0 个客户端
[2026-05-28 10:57:34.115][INFO][主窗口] 延迟状态初始化完成 - 气密仪:已连接, 主控板:已连接, 调压装置:已连接
[2026-05-28 10:57:34.788][DEBUG][实时监控] 开始读取气密仪实时数据...
[2026-05-28 10:57:34.803][WARNING][实时监控] 读取寄存器超时: 地址 9088
[2026-05-28 10:57:34.803][INFO][实时监控] 读取寄存器超时，尝试重试 (%d/2): 地址 1
[2026-05-28 10:57:35.806][WARNING][实时监控] 读取寄存器超时: 地址 9088
[2026-05-28 10:57:35.806][INFO][实时监控] 读取寄存器超时，尝试重试 (%d/2): 地址 1
[2026-05-28 10:57:35.806][DEBUG][实时监控] 开始读取气密仪实时数据...
[2026-05-28 10:57:35.964][INFO][登录] 用户 admin 登录成功，角色: 管理员
[2026-05-28 10:57:35.964][INFO][实时监控] 更新操作员信息：admin (管理员)
[2026-05-28 10:57:35.964][INFO][测试结果] 设置用户角色：管理员
[2026-05-28 10:57:36.799][DEBUG][实时监控] 开始读取气密仪实时数据...
[2026-05-28 10:57:37.796][WARNING][实时监控] 读取寄存器超时: 地址 9088
[2026-05-28 10:57:37.796][INFO][实时监控] 读取寄存器超时，尝试重试 (%d/2): 地址 1
[2026-05-28 10:57:37.796][DEBUG][实时监控] 开始读取气密仪实时数据...
[2026-05-28 10:57:38.262][DEBUG][主控设置] 设置主控板Modbus客户端，初始连接状态: 已连接
[2026-05-28 10:57:38.801][WARNING][实时监控] 读取寄存器超时: 地址 9088
[2026-05-28 10:57:38.801][INFO][实时监控] 读取寄存器超时，尝试重试 (%d/2): 地址 1
[2026-05-28 10:57:38.802][DEBUG][实时监控] 开始读取气密仪实时数据...
[2026-05-28 10:57:39.276][INFO][实时监控] 更新操作员信息：admin (管理员)
[2026-05-28 10:57:39.806][WARNING][实时监控] 读取寄存器超时: 地址 9088
[2026-05-28 10:57:39.806][INFO][实时监控] 读取寄存器超时，尝试重试 (%d/2): 地址 1
[2026-05-28 10:57:39.807][DEBUG][实时监控] 开始读取气密仪实时数据...
[2026-05-28 10:57:40.809][WARNING][实时监控] 读取寄存器超时: 地址 9088
[2026-05-28 10:57:40.809][INFO][实时监控] 读取寄存器超时，尝试重试 (%d/2): 地址 1
[2026-05-28 10:57:40.809][DEBUG][实时监控] 开始读取气密仪实时数据...
[2026-05-28 10:57:41.805][WARNING][实时监控] 读取寄存器超时: 地址 9088
[2026-05-28 10:57:41.805][INFO][实时监控] 读取寄存器超时，尝试重试 (%d/2): 地址 1
[2026-05-28 10:57:41.806][DEBUG][实时监控] 开始读取气密仪实时数据...
[2026-05-28 10:57:42.796][WARNING][实时监控] 读取寄存器超时: 地址 9088
[2026-05-28 10:57:42.796][INFO][实时监控] 读取寄存器超时，尝试重试 (%d/2): 地址 1
[2026-05-28 10:57:42.796][DEBUG][实时监控] 开始读取气密仪实时数据...
[2026-05-28 10:57:43.795][WARNING][实时监控] 读取寄存器超时: 地址 9088
[2026-05-28 10:57:43.795][INFO][实时监控] 读取寄存器超时，尝试重试 (%d/2): 地址 1
[2026-05-28 10:57:43.795][DEBUG][实时监控] 开始读取气密仪实时数据...
[2026-05-28 10:57:44.586][INFO][实时监控] 更新操作员信息：admin (管理员)
[2026-05-28 10:57:44.796][WARNING][实时监控] 读取寄存器超时: 地址 9088
[2026-05-28 10:57:44.796][INFO][实时监控] 读取寄存器超时，尝试重试 (%d/2): 地址 1
[2026-05-28 10:57:44.796][DEBUG][实时监控] 开始读取气密仪实时数据...
[2026-05-28 10:57:45.453][DEBUG][主控设置] 设置主控板Modbus客户端，初始连接状态: 已连接
[2026-05-28 10:57:45.796][WARNING][实时监控] 读取寄存器超时: 地址 9088
[2026-05-28 10:57:45.796][INFO][实时监控] 读取寄存器超时，尝试重试 (%d/2): 地址 1
[2026-05-28 10:57:45.796][DEBUG][实时监控] 开始读取气密仪实时数据...
[2026-05-28 10:57:46.112][INFO][气密参数] 气密仪客户端设置时已处于连接状态，直接同步
[2026-05-28 10:57:46.112][INFO][气密参数] 主控板客户端设置时已处于连接状态，直接同步
[2026-05-28 10:57:46.112][INFO][气密参数] 调压装置客户端设置时已处于连接状态，直接同步
[2026-05-28 10:57:46.479][INFO][实时监控] 更新操作员信息：admin (管理员)
[2026-05-28 10:57:46.805][WARNING][实时监控] 读取寄存器超时: 地址 9088
[2026-05-28 10:57:46.805][INFO][实时监控] 读取寄存器超时，尝试重试 (%d/2): 地址 1
[2026-05-28 10:57:46.806][DEBUG][实时监控] 开始读取气密仪实时数据...
[2026-05-28 10:57:47.800][WARNING][实时监控] 读取寄存器超时: 地址 9088
[2026-05-28 10:57:47.800][INFO][实时监控] 读取寄存器超时，尝试重试 (%d/2): 地址 1
[2026-05-28 10:57:47.800][DEBUG][实时监控] 开始读取气密仪实时数据...
[2026-05-28 10:57:48.302][INFO][气密参数] 寄存器0006值变化: 0 -> 1
[2026-05-28 10:57:48.302][INFO][气密参数] 检测到寄存器0006为1，准备启动气密仪
[2026-05-28 10:57:48.302][INFO][气密参数] 启动前清零主控板寄存器0004、0005、0006
[2026-05-28 10:57:48.302][DEBUG][气密参数] 发送主控板命令: 地址=4, 值=0, 从站ID=1
[2026-05-28 10:57:48.326][DEBUG][气密参数] 主控板命令发送成功: 地址=4, 值=0
[2026-05-28 10:57:48.326][DEBUG][气密参数] 发送主控板命令: 地址=5, 值=0, 从站ID=1
[2026-05-28 10:57:48.338][DEBUG][气密参数] 主控板命令发送成功: 地址=5, 值=0
[2026-05-28 10:57:48.338][DEBUG][气密参数] 发送主控板命令: 地址=6, 值=0, 从站ID=1
[2026-05-28 10:57:48.351][DEBUG][气密参数] 主控板命令发送成功: 地址=6, 值=0
[2026-05-28 10:57:48.351][DEBUG][主控设置] 【通道配置】检查通道状态: channel1=开启, channel2=开启, channel3=开启
[2026-05-28 10:57:48.351][DEBUG][主控设置] 【通道配置】通道1已开启，添加到列表
[2026-05-28 10:57:48.351][DEBUG][主控设置] 【通道配置】通道2已开启，添加到列表
[2026-05-28 10:57:48.351][DEBUG][主控设置] 【通道配置】通道3已开启，添加到列表
[2026-05-28 10:57:48.351][DEBUG][主控设置] 【通道配置】获取开启通道列表: 1, 2, 3
[2026-05-28 10:57:48.351][INFO][气密参数] 【启动流程】检测到开启的通道: 1, 2, 3
[2026-05-28 10:57:48.351][DEBUG][气密参数] 【启动流程】通道列表长度: 3, 第一个通道: 1
[2026-05-28 10:57:48.351][INFO][气密参数] 【启动流程】初始化多通道测试，起始索引=0，将从通道1开始测试
[2026-05-28 10:57:48.351][DEBUG][气密参数] 【启动流程】准备调用startNextChannelTest()
[2026-05-28 10:57:48.351][DEBUG][气密参数] 【通道测试】进入startNextChannelTest(), m_isMultiChannelTesting=true, m_currentChannelIndex=0, m_enabledChannels.size=3
[2026-05-28 10:57:48.351][DEBUG][气密参数] 【通道测试】停止实时监控定时器，避免Modbus通信冲突
[2026-05-28 10:57:48.351][DEBUG][实时监控] 数据读取定时器已停止
[2026-05-28 10:57:48.351][DEBUG][实时监控] 测试结果读取定时器已停止
[2026-05-28 10:57:48.351][INFO][气密参数] 【通道测试】开始测试通道1 (索引: 1/3)
[2026-05-28 10:57:48.351][DEBUG][气密参数] 【通道测试】通道列表: 1, 2, 3
[2026-05-28 10:57:48.351][DEBUG][气密参数] 【通道测试】设置RealTimeMonitor当前测试通道为1
[2026-05-28 10:57:48.351][INFO][实时监控] 当前测试通道已设置为: 1
[2026-05-28 10:57:48.351][DEBUG][气密参数] 通道1对应的程序号: 1
[2026-05-28 10:57:48.351][INFO][气密参数] 【通道测试】通道1 -> 程序号1
[2026-05-28 10:57:48.351][DEBUG][气密参数] 【通道测试】通道1 - 开始从数据库加载程序号1的参数
[2026-05-28 10:57:48.351][DEBUG][气密参数] 【通道测试】通道1 - 数据库连接成功
[2026-05-28 10:57:48.351][DEBUG][气密参数] 【通道测试】通道1 - 查询到1条参数记录
[2026-05-28 10:57:48.351][INFO][气密参数] 【通道测试】通道1 - 开始发送程序号1的参数到气密仪
[2026-05-28 10:57:48.854][DEBUG][气密参数] 尝试发送批量参数，第1次，从地址8192到8229
[2026-05-28 10:57:48.876][WARNING][实时监控] 读取寄存器超时: 地址 9088
[2026-05-28 10:57:48.876][INFO][实时监控] 读取寄存器超时，尝试重试 (%d/2): 地址 1
[2026-05-28 10:57:49.165][INFO][气密参数] 批量参数发送成功 - 从地址 8192 到 8229
[2026-05-28 10:57:49.200][INFO][气密参数] 所有参数已成功发送到设备
[2026-05-28 10:57:49.200][DEBUG][气密参数] 【通道测试】通道1 - 参数发送成功
[2026-05-28 10:57:49.200][INFO][气密参数] 【通道测试】通道1 - 参数发送成功，启动气密仪
[2026-05-28 10:57:49.200][DEBUG][气密参数] 发送启动命令到气密仪，寄存器地址9472，值4608，slaveId=1
[2026-05-28 10:57:49.200][INFO][气密参数] 成功发送启动命令到气密仪
[2026-05-28 10:57:49.200][DEBUG][气密参数] 【通道测试】通道1 - startAirtightTest()返回: 成功
[2026-05-28 10:57:49.201][DEBUG][气密参数] 【通道测试】通道1 - 发送channelTestCompleted信号
[2026-05-28 10:57:49.284][INFO][气密参数] 寄存器0006值变化: 1 -> 0
[2026-05-28 10:57:49.401][DEBUG][气密参数] 【通道测试】重新启动实时监控定时器
[2026-05-28 10:57:49.401][DEBUG][实时监控] 数据读取定时器已启动
[2026-05-28 10:57:49.401][DEBUG][实时监控] 测试结果读取定时器已启动
[2026-05-28 10:57:49.804][WARNING][实时监控] 读取寄存器超时: 地址 9088
[2026-05-28 10:57:49.804][INFO][实时监控] 读取寄存器超时，尝试重试 (%d/2): 地址 1
[2026-05-28 10:57:50.392][DEBUG][实时监控] 开始读取气密仪实时数据...
[2026-05-28 10:57:51.393][DEBUG][实时监控] 开始读取气密仪实时数据...
[2026-05-28 10:57:52.405][WARNING][实时监控] 读取寄存器超时: 地址 9088
[2026-05-28 10:57:52.405][INFO][实时监控] 读取寄存器超时，尝试重试 (%d/2): 地址 1
[2026-05-28 10:57:52.406][DEBUG][实时监控] 开始读取气密仪实时数据...
[2026-05-28 10:57:52.408][INFO][实时监控] 测试阶段变化: 0 -> 256
[2026-05-28 10:57:52.408][INFO][实时监控] 充气阶段开始，向主控板发送命令: 0002=1, 0003=0
[2026-05-28 10:57:52.431][DEBUG][实时监控] 成功向主控板写入寄存器 0x0002 = 1
[2026-05-28 10:57:52.470][DEBUG][实时监控] 成功向主控板写入寄存器 0x0003 = 0
[2026-05-28 10:57:53.400][WARNING][实时监控] 读取寄存器超时: 地址 9088
[2026-05-28 10:57:53.400][INFO][实时监控] 读取寄存器超时，尝试重试 (%d/2): 地址 1
[2026-05-28 10:57:53.411][DEBUG][实时监控] 开始读取气密仪实时数据...
[2026-05-28 10:57:54.410][WARNING][实时监控] 读取寄存器超时: 地址 9088
[2026-05-28 10:57:54.410][INFO][实时监控] 读取寄存器超时，尝试重试 (%d/2): 地址 1
[2026-05-28 10:57:54.411][DEBUG][实时监控] 开始读取气密仪实时数据...
[2026-05-28 10:57:55.425][WARNING][实时监控] 读取寄存器超时: 地址 9088
[2026-05-28 10:57:55.425][INFO][实时监控] 读取寄存器超时，尝试重试 (%d/2): 地址 1
[2026-05-28 10:57:55.426][DEBUG][实时监控] 开始读取气密仪实时数据...
[2026-05-28 10:57:56.410][WARNING][实时监控] 读取寄存器超时: 地址 9088
[2026-05-28 10:57:56.410][INFO][实时监控] 读取寄存器超时，尝试重试 (%d/2): 地址 1
[2026-05-28 10:57:56.420][DEBUG][实时监控] 开始读取气密仪实时数据...
[2026-05-28 10:57:57.421][WARNING][实时监控] 读取寄存器超时: 地址 9088
[2026-05-28 10:57:57.421][INFO][实时监控] 读取寄存器超时，尝试重试 (%d/2): 地址 1
[2026-05-28 10:57:57.421][DEBUG][实时监控] 开始读取气密仪实时数据...
[2026-05-28 10:57:58.429][WARNING][实时监控] 读取寄存器超时: 地址 9088
[2026-05-28 10:57:58.429][INFO][实时监控] 读取寄存器超时，尝试重试 (%d/2): 地址 1
[2026-05-28 10:57:58.429][DEBUG][实时监控] 开始读取气密仪实时数据...
[2026-05-28 10:57:59.420][WARNING][实时监控] 读取寄存器超时: 地址 9088
[2026-05-28 10:57:59.420][INFO][实时监控] 读取寄存器超时，尝试重试 (%d/2): 地址 1
[2026-05-28 10:57:59.421][DEBUG][实时监控] 开始读取气密仪实时数据...
[2026-05-28 10:58:00.435][DEBUG][实时监控] 开始读取气密仪实时数据...
[2026-05-28 10:58:01.438][DEBUG][实时监控] 开始读取气密仪实时数据...
[2026-05-28 10:58:02.443][DEBUG][实时监控] 开始读取气密仪实时数据...
[2026-05-28 10:58:03.436][WARNING][实时监控] 读取寄存器超时: 地址 9088
[2026-05-28 10:58:03.436][INFO][实时监控] 读取寄存器超时，尝试重试 (%d/2): 地址 1
[2026-05-28 10:58:03.436][DEBUG][实时监控] 开始读取气密仪实时数据...
[2026-05-28 10:58:04.442][DEBUG][实时监控] 开始读取气密仪实时数据...
[2026-05-28 10:58:05.436][DEBUG][实时监控] 开始读取气密仪实时数据...
[2026-05-28 10:58:06.436][DEBUG][实时监控] 开始读取气密仪实时数据...
[2026-05-28 10:58:07.442][DEBUG][实时监控] 开始读取气密仪实时数据...
[2026-05-28 10:58:07.442][INFO][实时监控] 测试阶段变化: 256 -> 512
[2026-05-28 10:58:08.464][DEBUG][实时监控] 开始读取气密仪实时数据...
[2026-05-28 10:58:09.453][DEBUG][实时监控] 开始读取气密仪实时数据...
[2026-05-28 10:58:10.465][DEBUG][实时监控] 开始读取气密仪实时数据...
[2026-05-28 10:58:11.452][DEBUG][实时监控] 开始读取气密仪实时数据...
[2026-05-28 10:58:12.465][DEBUG][实时监控] 开始读取气密仪实时数据...
[2026-05-28 10:58:13.461][DEBUG][实时监控] 开始读取气密仪实时数据...
[2026-05-28 10:58:14.458][DEBUG][实时监控] 开始读取气密仪实时数据...
[2026-05-28 10:58:15.469][DEBUG][实时监控] 开始读取气密仪实时数据...
[2026-05-28 10:58:16.489][DEBUG][实时监控] 开始读取气密仪实时数据...
[2026-05-28 10:58:17.484][DEBUG][实时监控] 开始读取气密仪实时数据...
[2026-05-28 10:58:18.497][DEBUG][实时监控] 开始读取气密仪实时数据...
[2026-05-28 10:58:19.497][DEBUG][实时监控] 开始读取气密仪实时数据...
[2026-05-28 10:58:20.486][DEBUG][实时监控] 开始读取气密仪实时数据...
[2026-05-28 10:58:21.502][DEBUG][实时监控] 开始读取气密仪实时数据...
[2026-05-28 10:58:22.518][DEBUG][实时监控] 开始读取气密仪实时数据...
[2026-05-28 10:58:22.518][INFO][实时监控] 测试阶段变化: 512 -> 768
[2026-05-28 10:58:23.525][DEBUG][实时监控] 开始读取气密仪实时数据...
[2026-05-28 10:58:24.528][DEBUG][实时监控] 开始读取气密仪实时数据...
[2026-05-28 10:58:25.520][DEBUG][实时监控] 开始读取气密仪实时数据...
[2026-05-28 10:58:26.516][DEBUG][实时监控] 开始读取气密仪实时数据...
[2026-05-28 10:58:27.518][DEBUG][实时监控] 开始读取气密仪实时数据...
[2026-05-28 10:58:28.515][DEBUG][实时监控] 开始读取气密仪实时数据...
[2026-05-28 10:58:29.520][DEBUG][实时监控] 开始读取气密仪实时数据...
[2026-05-28 10:58:30.522][DEBUG][实时监控] 开始读取气密仪实时数据...
[2026-05-28 10:58:31.538][DEBUG][实时监控] 开始读取气密仪实时数据...
[2026-05-28 10:58:32.540][DEBUG][实时监控] 开始读取气密仪实时数据...
[2026-05-28 10:58:33.546][DEBUG][实时监控] 开始读取气密仪实时数据...
[2026-05-28 10:58:34.555][DEBUG][实时监控] 开始读取气密仪实时数据...
[2026-05-28 10:58:35.545][DEBUG][实时监控] 开始读取气密仪实时数据...
[2026-05-28 10:58:36.552][DEBUG][实时监控] 开始读取气密仪实时数据...
[2026-05-28 10:58:37.546][DEBUG][实时监控] 开始读取气密仪实时数据...
[2026-05-28 10:58:37.548][INFO][实时监控] 测试阶段变化: 768 -> 1024
[2026-05-28 10:58:37.590][INFO][实时监控] 寄存器9088值变化：0 -> 256（需要等于256才处理测试结果）
[2026-05-28 10:58:37.590][INFO][实时监控] 寄存器9088=256，开始处理测试结果
[2026-05-28 10:58:37.590][INFO][实时监控] 处理测试结果数据，寄存器9090值=0
[2026-05-28 10:58:37.590][INFO][实时监控] 测试结果压力值=53.069 kPa
[2026-05-28 10:58:37.590][INFO][实时监控] 准备发送测试结果信号，channel=1, success=true
[2026-05-28 10:58:37.590][INFO][气密参数] 通道1测试完成，结果: 通过
[2026-05-28 10:58:37.593][INFO][实时监控] 测试结果信号已发送
[2026-05-28 10:58:37.601][INFO][实时监控] 测试结果已成功保存到数据库
[2026-05-28 10:58:37.604][INFO][测试结果] 自动刷新：检测到新测试结果，已更新表格
[2026-05-28 10:58:37.606][INFO][实时监控] 更新测试1结果: 压力=53.07 kPa, 泄漏=0.03 ml/min, 结果=通过
[2026-05-28 10:58:37.607][INFO][实时监控] 总测试结果计算完成: 开启通道: 1 2 3, 全部通过=是, 全部已测试=否, 总结果=测试中
[2026-05-28 10:58:37.607][DEBUG][实时监控] 更新测试结果汇总：总数=2, 合格=2, 不合格=0, 合格率=100.0%
[2026-05-28 10:58:38.080][INFO][实时监控] 寄存器9088值变化：256 -> 0（需要等于256才处理测试结果）
[2026-05-28 10:58:38.563][DEBUG][实时监控] 开始读取气密仪实时数据...
[2026-05-28 10:58:38.590][DEBUG][气密参数] 【通道测试】进入startNextChannelTest(), m_isMultiChannelTesting=true, m_currentChannelIndex=1, m_enabledChannels.size=3
[2026-05-28 10:58:38.590][DEBUG][气密参数] 【通道测试】停止实时监控定时器，避免Modbus通信冲突
[2026-05-28 10:58:38.590][DEBUG][实时监控] 数据读取定时器已停止
[2026-05-28 10:58:38.590][DEBUG][实时监控] 测试结果读取定时器已停止
[2026-05-28 10:58:38.590][INFO][气密参数] 【通道测试】开始测试通道2 (索引: 2/3)
[2026-05-28 10:58:38.590][DEBUG][气密参数] 【通道测试】通道列表: 1, 2, 3
[2026-05-28 10:58:38.590][DEBUG][气密参数] 【通道测试】设置RealTimeMonitor当前测试通道为2
[2026-05-28 10:58:38.590][INFO][实时监控] 当前测试通道已设置为: 2
[2026-05-28 10:58:38.590][DEBUG][气密参数] 通道2对应的程序号: 2
[2026-05-28 10:58:38.590][INFO][气密参数] 【通道测试】通道2 -> 程序号2
[2026-05-28 10:58:38.590][DEBUG][气密参数] 【通道测试】通道2 - 开始从数据库加载程序号2的参数
[2026-05-28 10:58:38.590][DEBUG][气密参数] 【通道测试】通道2 - 数据库连接成功
[2026-05-28 10:58:38.590][DEBUG][气密参数] 【通道测试】通道2 - 查询到1条参数记录
[2026-05-28 10:58:38.590][INFO][气密参数] 【通道测试】通道2 - 开始发送程序号2的参数到气密仪
[2026-05-28 10:58:39.095][DEBUG][气密参数] 尝试发送批量参数，第1次，从地址8192到8229
[2026-05-28 10:58:39.421][INFO][气密参数] 批量参数发送成功 - 从地址 8192 到 8229
[2026-05-28 10:58:39.446][INFO][气密参数] 所有参数已成功发送到设备
[2026-05-28 10:58:39.446][DEBUG][气密参数] 【通道测试】通道2 - 参数发送成功
[2026-05-28 10:58:39.446][INFO][气密参数] 【通道测试】通道2 - 参数发送成功，启动气密仪
[2026-05-28 10:58:39.446][DEBUG][气密参数] 发送启动命令到气密仪，寄存器地址9472，值4608，slaveId=1
[2026-05-28 10:58:39.446][INFO][气密参数] 成功发送启动命令到气密仪
[2026-05-28 10:58:39.446][DEBUG][气密参数] 【通道测试】通道2 - startAirtightTest()返回: 成功
[2026-05-28 10:58:39.447][DEBUG][气密参数] 【通道测试】通道2 - 发送channelTestCompleted信号
[2026-05-28 10:58:39.646][DEBUG][气密参数] 【通道测试】重新启动实时监控定时器
[2026-05-28 10:58:39.646][DEBUG][实时监控] 数据读取定时器已启动
[2026-05-28 10:58:39.646][DEBUG][实时监控] 测试结果读取定时器已启动
[2026-05-28 10:58:40.651][DEBUG][实时监控] 开始读取气密仪实时数据...
[2026-05-28 10:58:41.641][DEBUG][实时监控] 开始读取气密仪实时数据...
[2026-05-28 10:58:42.640][WARNING][实时监控] 读取寄存器超时: 地址 9088
[2026-05-28 10:58:42.640][INFO][实时监控] 读取寄存器超时，尝试重试 (%d/2): 地址 1
[2026-05-28 10:58:42.641][DEBUG][实时监控] 开始读取气密仪实时数据...
[2026-05-28 10:58:43.662][WARNING][实时监控] 读取寄存器超时: 地址 9088
[2026-05-28 10:58:43.662][INFO][实时监控] 读取寄存器超时，尝试重试 (%d/2): 地址 1
[2026-05-28 10:58:43.663][DEBUG][实时监控] 开始读取气密仪实时数据...
[2026-05-28 10:58:44.645][WARNING][实时监控] 读取寄存器超时: 地址 9088
[2026-05-28 10:58:44.645][INFO][实时监控] 读取寄存器超时，尝试重试 (%d/2): 地址 1
[2026-05-28 10:58:44.656][DEBUG][实时监控] 开始读取气密仪实时数据...
[2026-05-28 10:58:45.662][WARNING][实时监控] 读取寄存器超时: 地址 9088
[2026-05-28 10:58:45.662][INFO][实时监控] 读取寄存器超时，尝试重试 (%d/2): 地址 1
[2026-05-28 10:58:45.663][DEBUG][实时监控] 开始读取气密仪实时数据...
[2026-05-28 10:58:45.665][INFO][实时监控] 测试阶段变化: 1024 -> 0
[2026-05-28 10:58:46.663][WARNING][实时监控] 读取寄存器超时: 地址 9088
[2026-05-28 10:58:46.663][INFO][实时监控] 读取寄存器超时，尝试重试 (%d/2): 地址 1
[2026-05-28 10:58:46.663][DEBUG][实时监控] 开始读取气密仪实时数据...
[2026-05-28 10:58:47.668][DEBUG][实时监控] 开始读取气密仪实时数据...
[2026-05-28 10:58:48.657][DEBUG][实时监控] 开始读取气密仪实时数据...
[2026-05-28 10:58:49.678][DEBUG][实时监控] 开始读取气密仪实时数据...
[2026-05-28 10:58:50.684][DEBUG][实时监控] 开始读取气密仪实时数据...
[2026-05-28 10:58:51.680][WARNING][实时监控] 读取寄存器超时: 地址 9088
[2026-05-28 10:58:51.680][INFO][实时监控] 读取寄存器超时，尝试重试 (%d/2): 地址 1
[2026-05-28 10:58:51.681][DEBUG][实时监控] 开始读取气密仪实时数据...
[2026-05-28 10:58:52.678][WARNING][实时监控] 读取寄存器超时: 地址 9088
[2026-05-28 10:58:52.678][INFO][实时监控] 读取寄存器超时，尝试重试 (%d/2): 地址 1
[2026-05-28 10:58:52.678][DEBUG][实时监控] 开始读取气密仪实时数据...
[2026-05-28 10:58:53.670][WARNING][实时监控] 读取寄存器超时: 地址 9088
[2026-05-28 10:58:53.670][INFO][实时监控] 读取寄存器超时，尝试重试 (%d/2): 地址 1
[2026-05-28 10:58:53.671][DEBUG][实时监控] 开始读取气密仪实时数据...
[2026-05-28 10:58:54.680][WARNING][实时监控] 读取寄存器超时: 地址 9088
[2026-05-28 10:58:54.680][INFO][实时监控] 读取寄存器超时，尝试重试 (%d/2): 地址 1
[2026-05-28 10:58:54.681][DEBUG][实时监控] 开始读取气密仪实时数据...
[2026-05-28 10:58:55.671][WARNING][实时监控] 读取寄存器超时: 地址 9088
[2026-05-28 10:58:55.671][INFO][实时监控] 读取寄存器超时，尝试重试 (%d/2): 地址 1
[2026-05-28 10:58:55.672][DEBUG][实时监控] 开始读取气密仪实时数据...
[2026-05-28 10:58:56.677][WARNING][实时监控] 读取寄存器超时: 地址 9088
[2026-05-28 10:58:56.677][INFO][实时监控] 读取寄存器超时，尝试重试 (%d/2): 地址 1
[2026-05-28 10:58:56.677][DEBUG][实时监控] 开始读取气密仪实时数据...
[2026-05-28 10:58:57.677][WARNING][实时监控] 读取寄存器超时: 地址 9088
[2026-05-28 10:58:57.677][INFO][实时监控] 读取寄存器超时，尝试重试 (%d/2): 地址 1
[2026-05-28 10:58:57.678][DEBUG][实时监控] 开始读取气密仪实时数据...
[2026-05-28 10:58:58.672][WARNING][实时监控] 读取寄存器超时: 地址 9088
[2026-05-28 10:58:58.672][INFO][实时监控] 读取寄存器超时，尝试重试 (%d/2): 地址 1
[2026-05-28 10:58:58.672][DEBUG][实时监控] 开始读取气密仪实时数据...
[2026-05-28 10:58:59.672][WARNING][实时监控] 读取寄存器超时: 地址 9088
[2026-05-28 10:58:59.672][INFO][实时监控] 读取寄存器超时，尝试重试 (%d/2): 地址 1
[2026-05-28 10:58:59.672][DEBUG][实时监控] 开始读取气密仪实时数据...
[2026-05-28 10:59:00.673][WARNING][实时监控] 读取寄存器超时: 地址 9088
[2026-05-28 10:59:00.673][INFO][实时监控] 读取寄存器超时，尝试重试 (%d/2): 地址 1
[2026-05-28 10:59:00.673][DEBUG][实时监控] 开始读取气密仪实时数据...
[2026-05-28 10:59:01.672][WARNING][实时监控] 读取寄存器超时: 地址 9088
[2026-05-28 10:59:01.672][INFO][实时监控] 读取寄存器超时，尝试重试 (%d/2): 地址 1
[2026-05-28 10:59:01.673][DEBUG][实时监控] 开始读取气密仪实时数据...
[2026-05-28 10:59:02.671][WARNING][实时监控] 读取寄存器超时: 地址 9088
[2026-05-28 10:59:02.671][INFO][实时监控] 读取寄存器超时，尝试重试 (%d/2): 地址 1
[2026-05-28 10:59:02.671][DEBUG][实时监控] 开始读取气密仪实时数据...
[2026-05-28 10:59:03.676][WARNING][实时监控] 读取寄存器超时: 地址 9088
[2026-05-28 10:59:03.676][INFO][实时监控] 读取寄存器超时，尝试重试 (%d/2): 地址 1
[2026-05-28 10:59:03.677][DEBUG][实时监控] 开始读取气密仪实时数据...
[2026-05-28 10:59:04.671][WARNING][实时监控] 读取寄存器超时: 地址 9088
[2026-05-28 10:59:04.671][INFO][实时监控] 读取寄存器超时，尝试重试 (%d/2): 地址 1
[2026-05-28 10:59:04.672][DEBUG][实时监控] 开始读取气密仪实时数据...
[2026-05-28 10:59:05.679][WARNING][实时监控] 读取寄存器超时: 地址 9088
[2026-05-28 10:59:05.679][INFO][实时监控] 读取寄存器超时，尝试重试 (%d/2): 地址 1
[2026-05-28 10:59:05.679][DEBUG][实时监控] 开始读取气密仪实时数据...
[2026-05-28 10:59:06.671][WARNING][实时监控] 读取寄存器超时: 地址 9088
[2026-05-28 10:59:06.671][INFO][实时监控] 读取寄存器超时，尝试重试 (%d/2): 地址 1
[2026-05-28 10:59:06.672][DEBUG][实时监控] 开始读取气密仪实时数据...
[2026-05-28 10:59:07.671][WARNING][实时监控] 读取寄存器超时: 地址 9088
[2026-05-28 10:59:07.671][INFO][实时监控] 读取寄存器超时，尝试重试 (%d/2): 地址 1
[2026-05-28 10:59:07.671][DEBUG][实时监控] 开始读取气密仪实时数据...
[2026-05-28 10:59:08.674][WARNING][实时监控] 读取寄存器超时: 地址 9088
[2026-05-28 10:59:08.674][INFO][实时监控] 读取寄存器超时，尝试重试 (%d/2): 地址 1
[2026-05-28 10:59:08.674][DEBUG][实时监控] 开始读取气密仪实时数据...
[2026-05-28 10:59:09.680][WARNING][实时监控] 读取寄存器超时: 地址 9088
[2026-05-28 10:59:09.680][INFO][实时监控] 读取寄存器超时，尝试重试 (%d/2): 地址 1
[2026-05-28 10:59:09.681][DEBUG][实时监控] 开始读取气密仪实时数据...
[2026-05-28 10:59:10.688][WARNING][实时监控] 读取寄存器超时: 地址 9088
[2026-05-28 10:59:10.688][INFO][实时监控] 读取寄存器超时，尝试重试 (%d/2): 地址 1
[2026-05-28 10:59:10.689][DEBUG][实时监控] 开始读取气密仪实时数据...
[2026-05-28 10:59:11.677][WARNING][实时监控] 读取寄存器超时: 地址 9088
[2026-05-28 10:59:11.677][INFO][实时监控] 读取寄存器超时，尝试重试 (%d/2): 地址 1
[2026-05-28 10:59:11.690][DEBUG][实时监控] 开始读取气密仪实时数据...
[2026-05-28 10:59:12.686][WARNING][实时监控] 读取寄存器超时: 地址 9088
[2026-05-28 10:59:12.686][INFO][实时监控] 读取寄存器超时，尝试重试 (%d/2): 地址 1
[2026-05-28 10:59:12.687][DEBUG][实时监控] 开始读取气密仪实时数据...
[2026-05-28 10:59:13.687][WARNING][实时监控] 读取寄存器超时: 地址 9088
[2026-05-28 10:59:13.687][INFO][实时监控] 读取寄存器超时，尝试重试 (%d/2): 地址 1
[2026-05-28 10:59:13.687][DEBUG][实时监控] 开始读取气密仪实时数据...
[2026-05-28 10:59:14.688][DEBUG][实时监控] 开始读取气密仪实时数据...
[2026-05-28 10:59:15.709][DEBUG][实时监控] 开始读取气密仪实时数据...
[2026-05-28 10:59:16.707][DEBUG][实时监控] 开始读取气密仪实时数据...
[2026-05-28 10:59:17.711][WARNING][实时监控] 读取寄存器超时: 地址 9088
[2026-05-28 10:59:17.711][INFO][实时监控] 读取寄存器超时，尝试重试 (%d/2): 地址 1
[2026-05-28 10:59:17.712][DEBUG][实时监控] 开始读取气密仪实时数据...
[2026-05-28 10:59:18.707][WARNING][实时监控] 读取寄存器超时: 地址 9088
[2026-05-28 10:59:18.707][INFO][实时监控] 读取寄存器超时，尝试重试 (%d/2): 地址 1
[2026-05-28 10:59:18.708][DEBUG][实时监控] 开始读取气密仪实时数据...
[2026-05-28 10:59:19.705][WARNING][实时监控] 读取寄存器超时: 地址 9088
[2026-05-28 10:59:19.705][INFO][实时监控] 读取寄存器超时，尝试重试 (%d/2): 地址 1
[2026-05-28 10:59:19.705][DEBUG][实时监控] 开始读取气密仪实时数据...
[2026-05-28 10:59:20.701][WARNING][实时监控] 读取寄存器超时: 地址 9088
[2026-05-28 10:59:20.701][INFO][实时监控] 读取寄存器超时，尝试重试 (%d/2): 地址 1
[2026-05-28 10:59:20.701][DEBUG][实时监控] 开始读取气密仪实时数据...
[2026-05-28 10:59:21.701][WARNING][实时监控] 读取寄存器超时: 地址 9088
[2026-05-28 10:59:21.701][INFO][实时监控] 读取寄存器超时，尝试重试 (%d/2): 地址 1
[2026-05-28 10:59:21.701][DEBUG][实时监控] 开始读取气密仪实时数据...
[2026-05-28 10:59:22.715][WARNING][实时监控] 读取寄存器超时: 地址 9088
[2026-05-28 10:59:22.715][INFO][实时监控] 读取寄存器超时，尝试重试 (%d/2): 地址 1
[2026-05-28 10:59:22.716][DEBUG][实时监控] 开始读取气密仪实时数据...
[2026-05-28 10:59:23.715][WARNING][实时监控] 读取寄存器超时: 地址 9088
[2026-05-28 10:59:23.715][INFO][实时监控] 读取寄存器超时，尝试重试 (%d/2): 地址 1
[2026-05-28 10:59:23.715][DEBUG][实时监控] 开始读取气密仪实时数据...
[2026-05-28 10:59:24.708][WARNING][实时监控] 读取寄存器超时: 地址 9088
[2026-05-28 10:59:24.708][INFO][实时监控] 读取寄存器超时，尝试重试 (%d/2): 地址 1
[2026-05-28 10:59:24.709][DEBUG][实时监控] 开始读取气密仪实时数据...
[2026-05-28 10:59:25.703][WARNING][实时监控] 读取寄存器超时: 地址 9088
[2026-05-28 10:59:25.703][INFO][实时监控] 读取寄存器超时，尝试重试 (%d/2): 地址 1
[2026-05-28 10:59:25.704][DEBUG][实时监控] 开始读取气密仪实时数据...
[2026-05-28 10:59:26.185][INFO][实时监控] 更新操作员信息：admin (管理员)
[2026-05-28 10:59:26.716][WARNING][实时监控] 读取寄存器超时: 地址 9088
[2026-05-28 10:59:26.716][INFO][实时监控] 读取寄存器超时，尝试重试 (%d/2): 地址 1
[2026-05-28 10:59:26.717][DEBUG][实时监控] 开始读取气密仪实时数据...
[2026-05-28 10:59:27.701][WARNING][实时监控] 读取寄存器超时: 地址 9088
[2026-05-28 10:59:27.701][INFO][实时监控] 读取寄存器超时，尝试重试 (%d/2): 地址 1
[2026-05-28 10:59:27.702][DEBUG][实时监控] 开始读取气密仪实时数据...
[2026-05-28 10:59:27.877][DEBUG][主控设置] 设置主控板Modbus客户端，初始连接状态: 已连接
[2026-05-28 10:59:28.661][INFO][气密参数] 气密仪客户端设置时已处于连接状态，直接同步
[2026-05-28 10:59:28.661][INFO][气密参数] 主控板客户端设置时已处于连接状态，直接同步
[2026-05-28 10:59:28.661][INFO][气密参数] 调压装置客户端设置时已处于连接状态，直接同步
[2026-05-28 10:59:28.708][DEBUG][实时监控] 开始读取气密仪实时数据...
[2026-05-28 10:59:28.722][WARNING][实时监控] 读取寄存器超时: 地址 9088
[2026-05-28 10:59:28.722][INFO][实时监控] 读取寄存器超时，尝试重试 (%d/2): 地址 1
[2026-05-28 10:59:29.703][WARNING][实时监控] 读取寄存器超时: 地址 9088
[2026-05-28 10:59:29.703][INFO][实时监控] 读取寄存器超时，尝试重试 (%d/2): 地址 1
[2026-05-28 10:59:29.703][DEBUG][实时监控] 开始读取气密仪实时数据...
[2026-05-28 10:59:30.702][WARNING][实时监控] 读取寄存器超时: 地址 9088
[2026-05-28 10:59:30.702][INFO][实时监控] 读取寄存器超时，尝试重试 (%d/2): 地址 1
[2026-05-28 10:59:30.702][DEBUG][实时监控] 开始读取气密仪实时数据...
[2026-05-28 10:59:31.703][WARNING][实时监控] 读取寄存器超时: 地址 9088
[2026-05-28 10:59:31.703][INFO][实时监控] 读取寄存器超时，尝试重试 (%d/2): 地址 1
[2026-05-28 10:59:31.703][DEBUG][实时监控] 开始读取气密仪实时数据...
[2026-05-28 10:59:32.707][WARNING][实时监控] 读取寄存器超时: 地址 9088
[2026-05-28 10:59:32.707][INFO][实时监控] 读取寄存器超时，尝试重试 (%d/2): 地址 1
[2026-05-28 10:59:32.708][DEBUG][实时监控] 开始读取气密仪实时数据...
[2026-05-28 10:59:33.280][INFO][主窗口] 已退出全屏模式
[2026-05-28 10:59:33.723][WARNING][实时监控] 读取寄存器超时: 地址 9088
[2026-05-28 10:59:33.723][INFO][实时监控] 读取寄存器超时，尝试重试 (%d/2): 地址 1
[2026-05-28 10:59:33.723][DEBUG][实时监控] 开始读取气密仪实时数据...
[2026-05-28 10:59:34.502][INFO][气密参数] === AirtightParamSetting 析构函数被调用 ===
[2026-05-28 10:59:34.909][INFO][主程序] 应用程序退出，退出码: 0
